// Jest Snapshot v1, https://goo.gl/fbAQLP

exports[`ros2idl large autoware message (TrackedMessages) should parse the message without failing: autoware-TrackedObjects 1`] = `
[
  {
    "definitions": [
      {
        "isComplex": true,
        "name": "header",
        "type": "std_msgs/msg/Header",
      },
      {
        "isArray": true,
        "isComplex": true,
        "name": "objects",
        "type": "autoware_auto_perception_msgs/msg/TrackedObject",
      },
    ],
    "name": "autoware_auto_perception_msgs/msg/TrackedObjects",
  },
  {
    "definitions": [
      {
        "isComplex": true,
        "name": "object_id",
        "type": "unique_identifier_msgs/msg/UUID",
      },
      {
        "isComplex": false,
        "name": "existence_probability",
        "type": "float32",
      },
      {
        "isArray": true,
        "isComplex": true,
        "name": "classification",
        "type": "autoware_auto_perception_msgs/msg/ObjectClassification",
      },
      {
        "isComplex": true,
        "name": "kinematics",
        "type": "autoware_auto_perception_msgs/msg/TrackedObjectKinematics",
      },
      {
        "isComplex": true,
        "name": "shape",
        "type": "autoware_auto_perception_msgs/msg/Shape",
      },
    ],
    "name": "autoware_auto_perception_msgs/msg/TrackedObject",
  },
  {
    "definitions": [
      {
        "isComplex": false,
        "isConstant": true,
        "name": "UNKNOWN",
        "type": "uint8",
        "value": 0,
        "valueText": "0",
      },
      {
        "isComplex": false,
        "isConstant": true,
        "name": "CAR",
        "type": "uint8",
        "value": 1,
        "valueText": "1",
      },
      {
        "isComplex": false,
        "isConstant": true,
        "name": "TRUCK",
        "type": "uint8",
        "value": 2,
        "valueText": "2",
      },
      {
        "isComplex": false,
        "isConstant": true,
        "name": "BUS",
        "type": "uint8",
        "value": 3,
        "valueText": "3",
      },
      {
        "isComplex": false,
        "isConstant": true,
        "name": "TRAILER",
        "type": "uint8",
        "value": 4,
        "valueText": "4",
      },
      {
        "isComplex": false,
        "isConstant": true,
        "name": "MOTORCYCLE",
        "type": "uint8",
        "value": 5,
        "valueText": "5",
      },
      {
        "isComplex": false,
        "isConstant": true,
        "name": "BICYCLE",
        "type": "uint8",
        "value": 6,
        "valueText": "6",
      },
      {
        "isComplex": false,
        "isConstant": true,
        "name": "PEDESTRIAN",
        "type": "uint8",
        "value": 7,
        "valueText": "7",
      },
    ],
    "name": "autoware_auto_perception_msgs/msg/ObjectClassification_Constants",
  },
  {
    "definitions": [
      {
        "isComplex": false,
        "name": "label",
        "type": "uint8",
      },
      {
        "isComplex": false,
        "name": "probability",
        "type": "float32",
      },
    ],
    "name": "autoware_auto_perception_msgs/msg/ObjectClassification",
  },
  {
    "definitions": [
      {
        "isComplex": false,
        "isConstant": true,
        "name": "BOUNDING_BOX",
        "type": "uint8",
        "value": 0,
        "valueText": "0",
      },
      {
        "isComplex": false,
        "isConstant": true,
        "name": "CYLINDER",
        "type": "uint8",
        "value": 1,
        "valueText": "1",
      },
      {
        "isComplex": false,
        "isConstant": true,
        "name": "POLYGON",
        "type": "uint8",
        "value": 2,
        "valueText": "2",
      },
    ],
    "name": "autoware_auto_perception_msgs/msg/Shape_Constants",
  },
  {
    "definitions": [
      {
        "isComplex": false,
        "name": "type",
        "type": "uint8",
      },
      {
        "isComplex": true,
        "name": "footprint",
        "type": "geometry_msgs/msg/Polygon",
      },
      {
        "isComplex": true,
        "name": "dimensions",
        "type": "geometry_msgs/msg/Vector3",
      },
    ],
    "name": "autoware_auto_perception_msgs/msg/Shape",
  },
  {
    "definitions": [
      {
        "isArray": true,
        "isComplex": true,
        "name": "points",
        "type": "geometry_msgs/msg/Point32",
      },
    ],
    "name": "geometry_msgs/msg/Polygon",
  },
  {
    "definitions": [
      {
        "isComplex": false,
        "name": "x",
        "type": "float32",
      },
      {
        "isComplex": false,
        "name": "y",
        "type": "float32",
      },
      {
        "isComplex": false,
        "name": "z",
        "type": "float32",
      },
    ],
    "name": "geometry_msgs/msg/Point32",
  },
  {
    "definitions": [
      {
        "isComplex": false,
        "isConstant": true,
        "name": "UNAVAILABLE",
        "type": "uint8",
        "value": 0,
        "valueText": "0",
      },
      {
        "isComplex": false,
        "isConstant": true,
        "name": "SIGN_UNKNOWN",
        "type": "uint8",
        "value": 1,
        "valueText": "1",
      },
      {
        "isComplex": false,
        "isConstant": true,
        "name": "AVAILABLE",
        "type": "uint8",
        "value": 2,
        "valueText": "2",
      },
    ],
    "name": "autoware_auto_perception_msgs/msg/TrackedObjectKinematics_Constants",
  },
  {
    "definitions": [
      {
        "isComplex": true,
        "name": "pose_with_covariance",
        "type": "geometry_msgs/msg/PoseWithCovariance",
      },
      {
        "isComplex": false,
        "name": "orientation_availability",
        "type": "uint8",
      },
      {
        "isComplex": true,
        "name": "twist_with_covariance",
        "type": "geometry_msgs/msg/TwistWithCovariance",
      },
      {
        "isComplex": true,
        "name": "acceleration_with_covariance",
        "type": "geometry_msgs/msg/AccelWithCovariance",
      },
      {
        "isComplex": false,
        "name": "is_stationary",
        "type": "bool",
      },
    ],
    "name": "autoware_auto_perception_msgs/msg/TrackedObjectKinematics",
  },
  {
    "definitions": [
      {
        "isComplex": true,
        "name": "accel",
        "type": "geometry_msgs/msg/Accel",
      },
      {
        "arrayLength": 36,
        "isArray": true,
        "isComplex": false,
        "name": "covariance",
        "type": "float64",
      },
    ],
    "name": "geometry_msgs/msg/AccelWithCovariance",
  },
  {
    "definitions": [
      {
        "isComplex": true,
        "name": "linear",
        "type": "geometry_msgs/msg/Vector3",
      },
      {
        "isComplex": true,
        "name": "angular",
        "type": "geometry_msgs/msg/Vector3",
      },
    ],
    "name": "geometry_msgs/msg/Accel",
  },
  {
    "definitions": [
      {
        "isComplex": false,
        "name": "x",
        "type": "float64",
      },
      {
        "isComplex": false,
        "name": "y",
        "type": "float64",
      },
      {
        "isComplex": false,
        "name": "z",
        "type": "float64",
      },
    ],
    "name": "geometry_msgs/msg/Vector3",
  },
  {
    "definitions": [
      {
        "isComplex": false,
        "name": "x",
        "type": "float64",
      },
      {
        "isComplex": false,
        "name": "y",
        "type": "float64",
      },
      {
        "isComplex": false,
        "name": "z",
        "type": "float64",
      },
    ],
    "name": "geometry_msgs/msg/Point",
  },
  {
    "definitions": [
      {
        "defaultValue": 0,
        "isComplex": false,
        "name": "x",
        "type": "float64",
      },
      {
        "defaultValue": 0,
        "isComplex": false,
        "name": "y",
        "type": "float64",
      },
      {
        "defaultValue": 0,
        "isComplex": false,
        "name": "z",
        "type": "float64",
      },
      {
        "defaultValue": 1,
        "isComplex": false,
        "name": "w",
        "type": "float64",
      },
    ],
    "name": "geometry_msgs/msg/Quaternion",
  },
  {
    "definitions": [
      {
        "isComplex": true,
        "name": "twist",
        "type": "geometry_msgs/msg/Twist",
      },
      {
        "arrayLength": 36,
        "isArray": true,
        "isComplex": false,
        "name": "covariance",
        "type": "float64",
      },
    ],
    "name": "geometry_msgs/msg/TwistWithCovariance",
  },
  {
    "definitions": [
      {
        "isComplex": true,
        "name": "linear",
        "type": "geometry_msgs/msg/Vector3",
      },
      {
        "isComplex": true,
        "name": "angular",
        "type": "geometry_msgs/msg/Vector3",
      },
    ],
    "name": "geometry_msgs/msg/Twist",
  },
  {
    "definitions": [
      {
        "arrayLength": 16,
        "isArray": true,
        "isComplex": false,
        "name": "uuid",
        "type": "uint8",
      },
    ],
    "name": "unique_identifier_msgs/msg/UUID",
  },
  {
    "definitions": [
      {
        "isComplex": true,
        "name": "stamp",
        "type": "builtin_interfaces/msg/Time",
      },
      {
        "isComplex": false,
        "name": "frame_id",
        "type": "string",
      },
    ],
    "name": "std_msgs/msg/Header",
  },
  {
    "definitions": [
      {
        "isComplex": false,
        "name": "sec",
        "type": "int32",
      },
      {
        "isComplex": false,
        "name": "nsec",
        "type": "uint32",
      },
    ],
    "name": "builtin_interfaces/msg/Time",
  },
  {
    "definitions": [
      {
        "isComplex": true,
        "name": "pose",
        "type": "geometry_msgs/msg/Pose",
      },
      {
        "arrayLength": 36,
        "isArray": true,
        "isComplex": false,
        "name": "covariance",
        "type": "float64",
      },
    ],
    "name": "geometry_msgs/msg/PoseWithCovariance",
  },
  {
    "definitions": [
      {
        "isComplex": true,
        "name": "position",
        "type": "geometry_msgs/msg/Point",
      },
      {
        "isComplex": true,
        "name": "orientation",
        "type": "geometry_msgs/msg/Quaternion",
      },
    ],
    "name": "geometry_msgs/msg/Pose",
  },
]
`;
